// Jest Snapshot v1, https://goo.gl/fbAQLP

exports[`SideButton should render correctly 1`] = `
ShallowWrapper {
  "length": 1,
  Symbol(enzyme.__root__): [Circular],
  Symbol(enzyme.__unrendered__): <SideButton
    text="Button text"
    to="/mytest"
/>,
  Symbol(enzyme.__renderer__): Object {
    "batchedUpdates": [Function],
    "getNode": [Function],
    "render": [Function],
    "simulateEvent": [Function],
    "unmount": [Function],
  },
  Symbol(enzyme.__node__): Object {
    "instance": null,
    "key": undefined,
    "nodeType": "host",
    "props": Object {
      "children": Array [
        <NavLink
          activeClassName="active"
          ariaCurrent="true"
          to="/mytest"
>
          <button
                    className="ItemButton"
          >
                    Button text
                     
          </button>
</NavLink>,
        <div
          align="right"
          className="icon"
>
          <span
                    className="glyphicon glyphicon-chevron-right"
          />
</div>,
      ],
      "className": "Item",
    },
    "ref": null,
    "rendered": Array [
      Object {
        "instance": null,
        "key": undefined,
        "nodeType": "function",
        "props": Object {
          "activeClassName": "active",
          "ariaCurrent": "true",
          "children": <button
            className="ItemButton"
>
            Button text
             
</button>,
          "to": "/mytest",
        },
        "ref": null,
        "rendered": Object {
          "instance": null,
          "key": undefined,
          "nodeType": "host",
          "props": Object {
            "children": Array [
              "Button text",
              " ",
            ],
            "className": "ItemButton",
          },
          "ref": null,
          "rendered": Array [
            "Button text",
            " ",
          ],
          "type": "button",
        },
        "type": [Function],
      },
      Object {
        "instance": null,
        "key": undefined,
        "nodeType": "host",
        "props": Object {
          "align": "right",
          "children": <span
            className="glyphicon glyphicon-chevron-right"
/>,
          "className": "icon",
        },
        "ref": null,
        "rendered": Object {
          "instance": null,
          "key": undefined,
          "nodeType": "host",
          "props": Object {
            "className": "glyphicon glyphicon-chevron-right",
          },
          "ref": null,
          "rendered": null,
          "type": "span",
        },
        "type": "div",
      },
    ],
    "type": "div",
  },
  Symbol(enzyme.__nodes__): Array [
    Object {
      "instance": null,
      "key": undefined,
      "nodeType": "host",
      "props": Object {
        "children": Array [
          <NavLink
            activeClassName="active"
            ariaCurrent="true"
            to="/mytest"
>
            <button
                        className="ItemButton"
            >
                        Button text
                         
            </button>
</NavLink>,
          <div
            align="right"
            className="icon"
>
            <span
                        className="glyphicon glyphicon-chevron-right"
            />
</div>,
        ],
        "className": "Item",
      },
      "ref": null,
      "rendered": Array [
        Object {
          "instance": null,
          "key": undefined,
          "nodeType": "function",
          "props": Object {
            "activeClassName": "active",
            "ariaCurrent": "true",
            "children": <button
              className="ItemButton"
>
              Button text
               
</button>,
            "to": "/mytest",
          },
          "ref": null,
          "rendered": Object {
            "instance": null,
            "key": undefined,
            "nodeType": "host",
            "props": Object {
              "children": Array [
                "Button text",
                " ",
              ],
              "className": "ItemButton",
            },
            "ref": null,
            "rendered": Array [
              "Button text",
              " ",
            ],
            "type": "button",
          },
          "type": [Function],
        },
        Object {
          "instance": null,
          "key": undefined,
          "nodeType": "host",
          "props": Object {
            "align": "right",
            "children": <span
              className="glyphicon glyphicon-chevron-right"
/>,
            "className": "icon",
          },
          "ref": null,
          "rendered": Object {
            "instance": null,
            "key": undefined,
            "nodeType": "host",
            "props": Object {
              "className": "glyphicon glyphicon-chevron-right",
            },
            "ref": null,
            "rendered": null,
            "type": "span",
          },
          "type": "div",
        },
      ],
      "type": "div",
    },
  ],
  Symbol(enzyme.__options__): Object {
    "adapter": ReactSixteenAdapter {
      "options": Object {
        "enableComponentDidUpdateOnSetState": true,
      },
    },
  },
}
`;
