// Jest Snapshot v1, https://goo.gl/fbAQLP

exports[`SignUpStepFour should render correctly 1`] = `
ShallowWrapper {
  "length": 1,
  Symbol(enzyme.__root__): [Circular],
  Symbol(enzyme.__unrendered__): <SignUpStepFour />,
  Symbol(enzyme.__renderer__): Object {
    "batchedUpdates": [Function],
    "getNode": [Function],
    "render": [Function],
    "simulateEvent": [Function],
    "unmount": [Function],
  },
  Symbol(enzyme.__node__): Object {
    "instance": null,
    "key": undefined,
    "nodeType": "host",
    "props": Object {
      "children": Array [
        <div
          className="sucessRegistrationText"
>
          Registration completed successfully!
</div>,
        <div
          className="LogIn"
>
          <NavLink
                    activeClassName="active"
                    ariaCurrent="true"
                    className="btn btn-primary btn-lg"
                    to="/login"
          >
                    Log In
          </NavLink>
</div>,
      ],
      "className": "stepFourConfirmation",
    },
    "ref": null,
    "rendered": Array [
      Object {
        "instance": null,
        "key": undefined,
        "nodeType": "host",
        "props": Object {
          "children": "Registration completed successfully!",
          "className": "sucessRegistrationText",
        },
        "ref": null,
        "rendered": "Registration completed successfully!",
        "type": "div",
      },
      Object {
        "instance": null,
        "key": undefined,
        "nodeType": "host",
        "props": Object {
          "children": <NavLink
            activeClassName="active"
            ariaCurrent="true"
            className="btn btn-primary btn-lg"
            to="/login"
>
            Log In
</NavLink>,
          "className": "LogIn",
        },
        "ref": null,
        "rendered": Object {
          "instance": null,
          "key": undefined,
          "nodeType": "function",
          "props": Object {
            "activeClassName": "active",
            "ariaCurrent": "true",
            "children": "Log In",
            "className": "btn btn-primary btn-lg",
            "to": "/login",
          },
          "ref": null,
          "rendered": "Log In",
          "type": [Function],
        },
        "type": "div",
      },
    ],
    "type": "div",
  },
  Symbol(enzyme.__nodes__): Array [
    Object {
      "instance": null,
      "key": undefined,
      "nodeType": "host",
      "props": Object {
        "children": Array [
          <div
            className="sucessRegistrationText"
>
            Registration completed successfully!
</div>,
          <div
            className="LogIn"
>
            <NavLink
                        activeClassName="active"
                        ariaCurrent="true"
                        className="btn btn-primary btn-lg"
                        to="/login"
            >
                        Log In
            </NavLink>
</div>,
        ],
        "className": "stepFourConfirmation",
      },
      "ref": null,
      "rendered": Array [
        Object {
          "instance": null,
          "key": undefined,
          "nodeType": "host",
          "props": Object {
            "children": "Registration completed successfully!",
            "className": "sucessRegistrationText",
          },
          "ref": null,
          "rendered": "Registration completed successfully!",
          "type": "div",
        },
        Object {
          "instance": null,
          "key": undefined,
          "nodeType": "host",
          "props": Object {
            "children": <NavLink
              activeClassName="active"
              ariaCurrent="true"
              className="btn btn-primary btn-lg"
              to="/login"
>
              Log In
</NavLink>,
            "className": "LogIn",
          },
          "ref": null,
          "rendered": Object {
            "instance": null,
            "key": undefined,
            "nodeType": "function",
            "props": Object {
              "activeClassName": "active",
              "ariaCurrent": "true",
              "children": "Log In",
              "className": "btn btn-primary btn-lg",
              "to": "/login",
            },
            "ref": null,
            "rendered": "Log In",
            "type": [Function],
          },
          "type": "div",
        },
      ],
      "type": "div",
    },
  ],
  Symbol(enzyme.__options__): Object {
    "adapter": ReactSixteenAdapter {
      "options": Object {
        "enableComponentDidUpdateOnSetState": true,
      },
    },
  },
}
`;
