// Jest Snapshot v1, https://goo.gl/fbAQLP

exports[`StatsWidgetsContainer should render correctly 1`] = `
ShallowWrapper {
  "length": 1,
  Symbol(enzyme.__root__): [Circular],
  Symbol(enzyme.__unrendered__): <StatsWidgetsContainer
    data={
        Array [
            Object {
              "title": "task time",
              "unit": "hours",
              "value": "1",
            },
            Object {
              "title": "project cost",
              "unit": "euros",
              "value": "2",
            },
          ]
    }
/>,
  Symbol(enzyme.__renderer__): Object {
    "batchedUpdates": [Function],
    "getNode": [Function],
    "render": [Function],
    "simulateEvent": [Function],
    "unmount": [Function],
  },
  Symbol(enzyme.__node__): Object {
    "instance": null,
    "key": undefined,
    "nodeType": "host",
    "props": Object {
      "children": Array [
        <StatsNumberWidget
          title="task time"
          unit="hours"
          value="1"
/>,
        <StatsNumberWidget
          title="project cost"
          unit="euros"
          value="2"
/>,
      ],
      "className": "flex-container",
    },
    "ref": null,
    "rendered": Array [
      Object {
        "instance": null,
        "key": "0",
        "nodeType": "class",
        "props": Object {
          "title": "task time",
          "unit": "hours",
          "value": "1",
        },
        "ref": null,
        "rendered": null,
        "type": [Function],
      },
      Object {
        "instance": null,
        "key": "1",
        "nodeType": "class",
        "props": Object {
          "title": "project cost",
          "unit": "euros",
          "value": "2",
        },
        "ref": null,
        "rendered": null,
        "type": [Function],
      },
    ],
    "type": "div",
  },
  Symbol(enzyme.__nodes__): Array [
    Object {
      "instance": null,
      "key": undefined,
      "nodeType": "host",
      "props": Object {
        "children": Array [
          <StatsNumberWidget
            title="task time"
            unit="hours"
            value="1"
/>,
          <StatsNumberWidget
            title="project cost"
            unit="euros"
            value="2"
/>,
        ],
        "className": "flex-container",
      },
      "ref": null,
      "rendered": Array [
        Object {
          "instance": null,
          "key": "0",
          "nodeType": "class",
          "props": Object {
            "title": "task time",
            "unit": "hours",
            "value": "1",
          },
          "ref": null,
          "rendered": null,
          "type": [Function],
        },
        Object {
          "instance": null,
          "key": "1",
          "nodeType": "class",
          "props": Object {
            "title": "project cost",
            "unit": "euros",
            "value": "2",
          },
          "ref": null,
          "rendered": null,
          "type": [Function],
        },
      ],
      "type": "div",
    },
  ],
  Symbol(enzyme.__options__): Object {
    "adapter": ReactSixteenAdapter {
      "options": Object {
        "enableComponentDidUpdateOnSetState": true,
      },
    },
  },
}
`;
