// Jest Snapshot v1, https://goo.gl/fbAQLP

exports[`StatsNumberWidget should render correctly 1`] = `
ShallowWrapper {
  "length": 1,
  Symbol(enzyme.__root__): [Circular],
  Symbol(enzyme.__unrendered__): <StatsNumberWidget
    title="title"
    unit="unit"
    value="1"
/>,
  Symbol(enzyme.__renderer__): Object {
    "batchedUpdates": [Function],
    "getNode": [Function],
    "render": [Function],
    "simulateEvent": [Function],
    "unmount": [Function],
  },
  Symbol(enzyme.__node__): Object {
    "instance": null,
    "key": undefined,
    "nodeType": "host",
    "props": Object {
      "children": Array [
        <h1
          className="widget-title"
>
          title
</h1>,
        <div
          className="widget-values"
>
          <span
                    className="widget-value"
          >
                    1
          </span>
          <span
                    className="widget-unit"
          >
                    unit
          </span>
</div>,
      ],
      "className": "number-widget",
    },
    "ref": null,
    "rendered": Array [
      Object {
        "instance": null,
        "key": undefined,
        "nodeType": "host",
        "props": Object {
          "children": "title",
          "className": "widget-title",
        },
        "ref": null,
        "rendered": "title",
        "type": "h1",
      },
      Object {
        "instance": null,
        "key": undefined,
        "nodeType": "host",
        "props": Object {
          "children": Array [
            <span
              className="widget-value"
>
              1
</span>,
            <span
              className="widget-unit"
>
              unit
</span>,
          ],
          "className": "widget-values",
        },
        "ref": null,
        "rendered": Array [
          Object {
            "instance": null,
            "key": undefined,
            "nodeType": "host",
            "props": Object {
              "children": "1",
              "className": "widget-value",
            },
            "ref": null,
            "rendered": "1",
            "type": "span",
          },
          Object {
            "instance": null,
            "key": undefined,
            "nodeType": "host",
            "props": Object {
              "children": "unit",
              "className": "widget-unit",
            },
            "ref": null,
            "rendered": "unit",
            "type": "span",
          },
        ],
        "type": "div",
      },
    ],
    "type": "div",
  },
  Symbol(enzyme.__nodes__): Array [
    Object {
      "instance": null,
      "key": undefined,
      "nodeType": "host",
      "props": Object {
        "children": Array [
          <h1
            className="widget-title"
>
            title
</h1>,
          <div
            className="widget-values"
>
            <span
                        className="widget-value"
            >
                        1
            </span>
            <span
                        className="widget-unit"
            >
                        unit
            </span>
</div>,
        ],
        "className": "number-widget",
      },
      "ref": null,
      "rendered": Array [
        Object {
          "instance": null,
          "key": undefined,
          "nodeType": "host",
          "props": Object {
            "children": "title",
            "className": "widget-title",
          },
          "ref": null,
          "rendered": "title",
          "type": "h1",
        },
        Object {
          "instance": null,
          "key": undefined,
          "nodeType": "host",
          "props": Object {
            "children": Array [
              <span
                className="widget-value"
>
                1
</span>,
              <span
                className="widget-unit"
>
                unit
</span>,
            ],
            "className": "widget-values",
          },
          "ref": null,
          "rendered": Array [
            Object {
              "instance": null,
              "key": undefined,
              "nodeType": "host",
              "props": Object {
                "children": "1",
                "className": "widget-value",
              },
              "ref": null,
              "rendered": "1",
              "type": "span",
            },
            Object {
              "instance": null,
              "key": undefined,
              "nodeType": "host",
              "props": Object {
                "children": "unit",
                "className": "widget-unit",
              },
              "ref": null,
              "rendered": "unit",
              "type": "span",
            },
          ],
          "type": "div",
        },
      ],
      "type": "div",
    },
  ],
  Symbol(enzyme.__options__): Object {
    "adapter": ReactSixteenAdapter {
      "options": Object {
        "enableComponentDidUpdateOnSetState": true,
      },
    },
  },
}
`;
